{
    "name": "FunctionalTest",
    "type": "application",
    "description": "This is a sample BusinessBundle used to test CodePrimer functionality",
    "prefer-stable": true,
    "require": {
        "php": "^7.3.9",
        "ext-ctype": "*",
        "ext-iconv": "*",
        "ext-intl": "*",
        "ext-json": "*",
        "clabonte/codeprimer": "^0.1"
    },
    "require-dev": {
        "phpunit/phpunit": "^9.3",
        "ext-xdebug": "^2.9"
    },
    "config": {
        "preferred-install": {
            "*": "dist"
        },
        "sort-packages": true
    },
    "autoload": {
        "psr-4": {
            "CodePrimer\\Tests\\": ["src/", "gen-src/"]
        }
    },
    "autoload-dev": {
        "psr-4": {
            "CodePrimer\\Tests\\Tests\\": "tests/"
        }
    },
    "scripts": {
        "format-code": "php-cs-fixer fix",
        "phpunit": "vendor/bin/phpunit -c phpunit.xml.dist -d memory_limit=256M"
    }
}
